#0 building with "desktop-linux" instance using docker driver

#1 [internal] load build definition from Dockerfile
#1 transferring dockerfile: 800B 0.0s done
#1 DONE 0.1s

#2 [internal] load metadata for docker.io/library/python:3.12-slim
#2 ...

#3 [auth] library/python:pull token for registry-1.docker.io
#3 DONE 0.0s

#2 [internal] load metadata for docker.io/library/python:3.12-slim
#2 DONE 2.1s

#4 [internal] load .dockerignore
#4 transferring context: 99B done
#4 DONE 0.1s

#5 [internal] load build context
#5 transferring context: 53.28kB 0.0s done
#5 DONE 0.1s

#6 [1/4] FROM docker.io/library/python:3.12-slim@sha256:dddfd7e07f9d15aeeca61529320492139d21cac7f0070c00609243e51e4e0016
#6 resolve docker.io/library/python:3.12-slim@sha256:dddfd7e07f9d15aeeca61529320492139d21cac7f0070c00609243e51e4e0016 0.1s done
#6 DONE 0.2s

#6 [1/4] FROM docker.io/library/python:3.12-slim@sha256:dddfd7e07f9d15aeeca61529320492139d21cac7f0070c00609243e51e4e0016
#6 sha256:5e62c0470a0973ad9561440c8a37984c3252eda1dd19e00ca7e76a37b62b5dc7 249B / 249B 0.1s done
#6 sha256:e360d85fdc0f3910a4fe48ba2bb0865d5e618392ea8abfa424e66575e45273c0 1.05MB / 12.12MB 0.3s
#6 sha256:a510a9ea6d60786b7cefdbf9577945344c72879881de8d32ef07ec38111fb045 0B / 4.27MB 0.2s
#6 sha256:e360d85fdc0f3910a4fe48ba2bb0865d5e618392ea8abfa424e66575e45273c0 2.10MB / 12.12MB 0.5s
#6 sha256:e360d85fdc0f3910a4fe48ba2bb0865d5e618392ea8abfa424e66575e45273c0 4.19MB / 12.12MB 0.6s
#6 sha256:a510a9ea6d60786b7cefdbf9577945344c72879881de8d32ef07ec38111fb045 1.05MB / 4.27MB 0.5s
#6 sha256:a510a9ea6d60786b7cefdbf9577945344c72879881de8d32ef07ec38111fb045 2.10MB / 4.27MB 0.6s
#6 sha256:e360d85fdc0f3910a4fe48ba2bb0865d5e618392ea8abfa424e66575e45273c0 8.39MB / 12.12MB 0.9s
#6 sha256:a510a9ea6d60786b7cefdbf9577945344c72879881de8d32ef07ec38111fb045 4.27MB / 4.27MB 0.8s done
#6 extracting sha256:a510a9ea6d60786b7cefdbf9577945344c72879881de8d32ef07ec38111fb045
#6 sha256:e360d85fdc0f3910a4fe48ba2bb0865d5e618392ea8abfa424e66575e45273c0 11.53MB / 12.12MB 1.1s
#6 sha256:e360d85fdc0f3910a4fe48ba2bb0865d5e618392ea8abfa424e66575e45273c0 12.12MB / 12.12MB 1.1s done
#6 extracting sha256:a510a9ea6d60786b7cefdbf9577945344c72879881de8d32ef07ec38111fb045 0.3s done
#6 extracting sha256:e360d85fdc0f3910a4fe48ba2bb0865d5e618392ea8abfa424e66575e45273c0
#6 extracting sha256:e360d85fdc0f3910a4fe48ba2bb0865d5e618392ea8abfa424e66575e45273c0 0.6s done
#6 DONE 1.9s

#6 [1/4] FROM docker.io/library/python:3.12-slim@sha256:dddfd7e07f9d15aeeca61529320492139d21cac7f0070c00609243e51e4e0016
#6 extracting sha256:5e62c0470a0973ad9561440c8a37984c3252eda1dd19e00ca7e76a37b62b5dc7 0.0s done
#6 DONE 2.0s

#7 [2/4] WORKDIR /app
#7 DONE 0.1s

#8 [3/4] RUN pip install --no-cache-dir torch --index-url https://download.pytorch.org/whl/cpu     && if [ -n "lightning" ]; then pip install --no-cache-dir lightning; fi
#8 2.433 Looking in indexes: https://download.pytorch.org/whl/cpu
#8 3.108 Collecting torch
#8 3.368   Downloading https://download-r2.pytorch.org/whl/cpu/torch-2.14.1%2Bcpu-cp312-cp312-manylinux_2_28_x86_64.whl.metadata (37 kB)
#8 3.472 Collecting filelock (from torch)
#8 3.675   Downloading filelock-3.32.3-py3-none-any.whl.metadata (2.0 kB)
#8 3.732 Collecting typing-extensions>=4.10.0 (from torch)
#8 3.748   Downloading typing_extensions-4.16.0-py3-none-any.whl.metadata (3.3 kB)
#8 3.779 Collecting setuptools>=77.0.3 (from torch)
#8 3.804   Downloading https://download.pytorch.org/whl/setuptools-78.1.0-py3-none-any.whl.metadata (6.6 kB)
#8 3.863 Collecting sympy>=1.13.3 (from torch)
#8 3.881   Downloading sympy-1.14.0-py3-none-any.whl.metadata (12 kB)
#8 3.969 Collecting networkx>=2.5.1 (from torch)
#8 3.993   Downloading networkx-3.6.1-py3-none-any.whl.metadata (6.8 kB)
#8 4.035 Collecting jinja2 (from torch)
#8 4.062   Downloading https://download.pytorch.org/whl/jinja2-3.1.6-py3-none-any.whl.metadata (2.9 kB)
#8 4.139 Collecting fsspec>=0.8.5 (from torch)
#8 4.164   Downloading fsspec-2026.7.0-py3-none-any.whl.metadata (10 kB)
#8 4.244 Collecting mpmath<1.4,>=1.1.0 (from sympy>=1.13.3->torch)
#8 4.262   Downloading mpmath-1.3.0-py3-none-any.whl.metadata (8.6 kB)
#8 4.310 Collecting MarkupSafe>=2.0 (from jinja2->torch)
#8 4.334   Downloading https://download.pytorch.org/whl/markupsafe-3.0.3-cp312-cp312-manylinux2014_x86_64.manylinux_2_17_x86_64.manylinux_2_28_x86_64.whl.metadata (2.7 kB)
#8 4.370 Downloading https://download-r2.pytorch.org/whl/cpu/torch-2.14.1%2Bcpu-cp312-cp312-manylinux_2_28_x86_64.whl (196.3 MB)
#8 13.18    ━━━━━━━━━━━━━━━━━━━━━━━━━━━━━━━━━━━━━━━━ 196.3/196.3 MB 22.4 MB/s eta 0:00:00
#8 13.20 Downloading fsspec-2026.7.0-py3-none-any.whl (206 kB)
#8 13.31 Downloading networkx-3.6.1-py3-none-any.whl (2.1 MB)
#8 13.89    ━━━━━━━━━━━━━━━━━━━━━━━━━━━━━━━━━━━━━━━━ 2.1/2.1 MB 3.9 MB/s eta 0:00:00
#8 13.93 Downloading https://download.pytorch.org/whl/setuptools-78.1.0-py3-none-any.whl (1.3 MB)
#8 14.01    ━━━━━━━━━━━━━━━━━━━━━━━━━━━━━━━━━━━━━━━━ 1.3/1.3 MB 20.4 MB/s eta 0:00:00
#8 14.04 Downloading sympy-1.14.0-py3-none-any.whl (6.3 MB)
#8 15.06    ━━━━━━━━━━━━━━━━━━━━━━━━━━━━━━━━━━━━━━━━ 6.3/6.3 MB 6.3 MB/s eta 0:00:00
#8 15.08 Downloading typing_extensions-4.16.0-py3-none-any.whl (45 kB)
#8 15.10 Downloading filelock-3.32.3-py3-none-any.whl (98 kB)
#8 15.13 Downloading https://download.pytorch.org/whl/jinja2-3.1.6-py3-none-any.whl (134 kB)
#8 15.16 Downloading https://download.pytorch.org/whl/markupsafe-3.0.3-cp312-cp312-manylinux2014_x86_64.manylinux_2_17_x86_64.manylinux_2_28_x86_64.whl (22 kB)
#8 15.19 Downloading mpmath-1.3.0-py3-none-any.whl (536 kB)
#8 15.26    ━━━━━━━━━━━━━━━━━━━━━━━━━━━━━━━━━━━━━━━━ 536.2/536.2 kB 7.8 MB/s eta 0:00:00
#8 15.76 Installing collected packages: mpmath, typing-extensions, sympy, setuptools, networkx, MarkupSafe, fsspec, filelock, jinja2, torch
#8 43.20 Successfully installed MarkupSafe-3.0.3 filelock-3.32.3 fsspec-2026.7.0 jinja2-3.1.6 mpmath-1.3.0 networkx-3.6.1 setuptools-78.1.0 sympy-1.14.0 torch-2.14.1+cpu typing-extensions-4.16.0
#8 43.20 WARNING: Running pip as the 'root' user can result in broken permissions and conflicting behaviour with the system package manager, possibly rendering your system unusable. It is recommended to use a virtual environment instead: https://pip.pypa.io/warnings/venv. Use the --root-user-action option if you know what you are doing and want to suppress this warning.
#8 44.24 Collecting lightning
#8 44.33   Downloading lightning-2.6.6-py3-none-any.whl.metadata (45 kB)
#8 44.48 Collecting PyYAML<8.0,>5.4 (from lightning)
#8 44.50   Downloading pyyaml-6.0.3-cp312-cp312-manylinux2014_x86_64.manylinux_2_17_x86_64.manylinux_2_28_x86_64.whl.metadata (2.4 kB)
#8 44.50 Requirement already satisfied: fsspec<2028.0,>=2022.5.0 in /usr/local/lib/python3.12/site-packages (from fsspec[http]<2028.0,>=2022.5.0->lightning) (2026.7.0)
#8 44.55 Collecting lightning-utilities<2.0,>=0.10.0 (from lightning)
#8 44.57   Downloading lightning_utilities-0.15.3-py3-none-any.whl.metadata (5.5 kB)
#8 44.60 Collecting packaging<27.0,>=23.0 (from lightning)
#8 44.62   Downloading packaging-26.3-py3-none-any.whl.metadata (3.5 kB)
#8 44.62 Requirement already satisfied: torch<4.0,>=2.1.0 in /usr/local/lib/python3.12/site-packages (from lightning) (2.14.1+cpu)
#8 44.69 Collecting torchmetrics<3.0,>0.7.0 (from lightning)
#8 44.70   Downloading torchmetrics-1.9.0-py3-none-any.whl.metadata (23 kB)
#8 44.79 Collecting tqdm<6.0,>=4.57.0 (from lightning)
#8 44.82   Downloading tqdm-4.70.1-py3-none-any.whl.metadata (57 kB)
#8 44.83 Requirement already satisfied: typing-extensions<6.0,>4.5.0 in /usr/local/lib/python3.12/site-packages (from lightning) (4.16.0)
#8 44.91 Collecting pytorch-lightning (from lightning)
#8 44.93   Downloading pytorch_lightning-2.6.6-py3-none-any.whl.metadata (21 kB)
#8 45.63 Collecting aiohttp!=4.0.0a0,!=4.0.0a1 (from fsspec[http]<2028.0,>=2022.5.0->lightning)
#8 45.65   Downloading aiohttp-3.14.3-cp312-cp312-manylinux2014_x86_64.manylinux_2_17_x86_64.manylinux_2_28_x86_64.whl.metadata (8.3 kB)
#8 45.66 Requirement already satisfied: filelock in /usr/local/lib/python3.12/site-packages (from torch<4.0,>=2.1.0->lightning) (3.32.3)
#8 45.66 Requirement already satisfied: setuptools>=77.0.3 in /usr/local/lib/python3.12/site-packages (from torch<4.0,>=2.1.0->lightning) (78.1.0)
#8 45.66 Requirement already satisfied: sympy>=1.13.3 in /usr/local/lib/python3.12/site-packages (from torch<4.0,>=2.1.0->lightning) (1.14.0)
#8 45.66 Requirement already satisfied: networkx>=2.5.1 in /usr/local/lib/python3.12/site-packages (from torch<4.0,>=2.1.0->lightning) (3.6.1)
#8 45.66 Requirement already satisfied: jinja2 in /usr/local/lib/python3.12/site-packages (from torch<4.0,>=2.1.0->lightning) (3.1.6)
#8 45.96 Collecting numpy>1.20.0 (from torchmetrics<3.0,>0.7.0->lightning)
#8 45.97   Downloading numpy-2.5.3-cp312-cp312-manylinux_2_27_x86_64.manylinux_2_28_x86_64.whl.metadata (6.6 kB)
#8 46.03 Collecting aiohappyeyeballs>=2.5.0 (from aiohttp!=4.0.0a0,!=4.0.0a1->fsspec[http]<2028.0,>=2022.5.0->lightning)
#8 46.04   Downloading aiohappyeyeballs-2.7.1-py3-none-any.whl.metadata (5.9 kB)
#8 46.07 Collecting aiosignal>=1.4.0 (from aiohttp!=4.0.0a0,!=4.0.0a1->fsspec[http]<2028.0,>=2022.5.0->lightning)
#8 46.09   Downloading aiosignal-1.4.0-py3-none-any.whl.metadata (3.7 kB)
#8 46.12 Collecting attrs>=17.3.0 (from aiohttp!=4.0.0a0,!=4.0.0a1->fsspec[http]<2028.0,>=2022.5.0->lightning)
#8 46.13   Downloading attrs-26.1.0-py3-none-any.whl.metadata (8.8 kB)
#8 46.22 Collecting frozenlist>=1.1.1 (from aiohttp!=4.0.0a0,!=4.0.0a1->fsspec[http]<2028.0,>=2022.5.0->lightning)
#8 46.23   Downloading frozenlist-1.8.0-cp312-cp312-manylinux1_x86_64.manylinux_2_28_x86_64.manylinux_2_5_x86_64.whl.metadata (20 kB)
#8 46.53 Collecting multidict<7.0,>=4.5 (from aiohttp!=4.0.0a0,!=4.0.0a1->fsspec[http]<2028.0,>=2022.5.0->lightning)
#8 46.54   Downloading multidict-6.9.1-cp312-cp312-manylinux2014_x86_64.manylinux_2_17_x86_64.manylinux_2_28_x86_64.whl.metadata (5.3 kB)
#8 46.63 Collecting propcache>=0.2.0 (from aiohttp!=4.0.0a0,!=4.0.0a1->fsspec[http]<2028.0,>=2022.5.0->lightning)
#8 46.65   Downloading propcache-0.5.4-cp312-cp312-manylinux2014_x86_64.manylinux_2_17_x86_64.manylinux_2_28_x86_64.whl.metadata (25 kB)
#8 46.99 Collecting yarl<2.0,>=1.17.0 (from aiohttp!=4.0.0a0,!=4.0.0a1->fsspec[http]<2028.0,>=2022.5.0->lightning)
#8 47.01   Downloading yarl-1.25.1-cp312-cp312-manylinux2014_x86_64.manylinux_2_17_x86_64.manylinux_2_28_x86_64.whl.metadata (111 kB)
#8 47.07 Requirement already satisfied: mpmath<1.4,>=1.1.0 in /usr/local/lib/python3.12/site-packages (from sympy>=1.13.3->torch<4.0,>=2.1.0->lightning) (1.3.0)
#8 47.07 Requirement already satisfied: MarkupSafe>=2.0 in /usr/local/lib/python3.12/site-packages (from jinja2->torch<4.0,>=2.1.0->lightning) (3.0.3)
#8 47.11 Collecting idna>=2.0 (from yarl<2.0,>=1.17.0->aiohttp!=4.0.0a0,!=4.0.0a1->fsspec[http]<2028.0,>=2022.5.0->lightning)
#8 47.13   Downloading idna-3.20-py3-none-any.whl.metadata (7.2 kB)
#8 47.17 Downloading lightning-2.6.6-py3-none-any.whl (849 kB)
#8 47.27    ━━━━━━━━━━━━━━━━━━━━━━━━━━━━━━━━━━━━━━━━ 849.3/849.3 kB 11.1 MB/s eta 0:00:00
#8 47.29 Downloading lightning_utilities-0.15.3-py3-none-any.whl (31 kB)
#8 47.31 Downloading packaging-26.3-py3-none-any.whl (129 kB)
#8 47.34 Downloading pyyaml-6.0.3-cp312-cp312-manylinux2014_x86_64.manylinux_2_17_x86_64.manylinux_2_28_x86_64.whl (807 kB)
#8 47.42    ━━━━━━━━━━━━━━━━━━━━━━━━━━━━━━━━━━━━━━━━ 807.9/807.9 kB 13.1 MB/s eta 0:00:00
#8 47.44 Downloading torchmetrics-1.9.0-py3-none-any.whl (983 kB)
#8 47.49    ━━━━━━━━━━━━━━━━━━━━━━━━━━━━━━━━━━━━━━━━ 983.4/983.4 kB 24.4 MB/s eta 0:00:00
#8 47.51 Downloading tqdm-4.70.1-py3-none-any.whl (80 kB)
#8 47.53 Downloading pytorch_lightning-2.6.6-py3-none-any.whl (853 kB)
#8 47.57    ━━━━━━━━━━━━━━━━━━━━━━━━━━━━━━━━━━━━━━━━ 853.0/853.0 kB 22.6 MB/s eta 0:00:00
#8 47.59 Downloading aiohttp-3.14.3-cp312-cp312-manylinux2014_x86_64.manylinux_2_17_x86_64.manylinux_2_28_x86_64.whl (1.8 MB)
#8 47.75    ━━━━━━━━━━━━━━━━━━━━━━━━━━━━━━━━━━━━━━━━ 1.8/1.8 MB 10.9 MB/s eta 0:00:00
#8 47.77 Downloading numpy-2.5.3-cp312-cp312-manylinux_2_27_x86_64.manylinux_2_28_x86_64.whl (16.7 MB)
#8 48.55    ━━━━━━━━━━━━━━━━━━━━━━━━━━━━━━━━━━━━━━━━ 16.7/16.7 MB 21.7 MB/s eta 0:00:00
#8 48.58 Downloading aiohappyeyeballs-2.7.1-py3-none-any.whl (15 kB)
#8 48.59 Downloading aiosignal-1.4.0-py3-none-any.whl (7.5 kB)
#8 48.61 Downloading attrs-26.1.0-py3-none-any.whl (67 kB)
#8 48.63 Downloading frozenlist-1.8.0-cp312-cp312-manylinux1_x86_64.manylinux_2_28_x86_64.manylinux_2_5_x86_64.whl (242 kB)
#8 48.66 Downloading multidict-6.9.1-cp312-cp312-manylinux2014_x86_64.manylinux_2_17_x86_64.manylinux_2_28_x86_64.whl (336 kB)
#8 48.70 Downloading propcache-0.5.4-cp312-cp312-manylinux2014_x86_64.manylinux_2_17_x86_64.manylinux_2_28_x86_64.whl (250 kB)
#8 48.80 Downloading yarl-1.25.1-cp312-cp312-manylinux2014_x86_64.manylinux_2_17_x86_64.manylinux_2_28_x86_64.whl (117 kB)
#8 48.82 Downloading idna-3.20-py3-none-any.whl (69 kB)
#8 48.94 Installing collected packages: tqdm, PyYAML, propcache, packaging, numpy, multidict, idna, frozenlist, attrs, aiohappyeyeballs, yarl, lightning-utilities, aiosignal, torchmetrics, aiohttp, pytorch-lightning, lightning
#8 53.74 Successfully installed PyYAML-6.0.3 aiohappyeyeballs-2.7.1 aiohttp-3.14.3 aiosignal-1.4.0 attrs-26.1.0 frozenlist-1.8.0 idna-3.20 lightning-2.6.6 lightning-utilities-0.15.3 multidict-6.9.1 numpy-2.5.3 packaging-26.3 propcache-0.5.4 pytorch-lightning-2.6.6 torchmetrics-1.9.0 tqdm-4.70.1 yarl-1.25.1
#8 53.74 WARNING: Running pip as the 'root' user can result in broken permissions and conflicting behaviour with the system package manager, possibly rendering your system unusable. It is recommended to use a virtual environment instead: https://pip.pypa.io/warnings/venv. Use the --root-user-action option if you know what you are doing and want to suppress this warning.
#8 53.87 
#8 53.87 [notice] A new release of pip is available: 25.0.1 -> 26.2.1
#8 53.87 [notice] To update, run: pip install --upgrade pip
#8 DONE 54.3s

#9 [4/4] COPY ckpt_chaos ./ckpt_chaos
#9 DONE 0.3s

#10 exporting to image
#10 exporting layers
#10 exporting layers 33.4s done
#10 exporting manifest sha256:b4ba68b35eb725ad9d846cd9f8ddf18114f2f92e3b98302b44a973881a9508a5 0.0s done
#10 exporting config sha256:200b2684fca58530a3b04a4ebc767a21947924276616f454f7004e8595fa4066 0.0s done
#10 exporting attestation manifest sha256:c9a512b93e6366d71dde8bcc6435f201c63def1281532c393807817ac85b0e63 0.0s done
#10 exporting manifest list sha256:e2144059ae50d8415965d0dcab3df8f5ae5bf05da2aae607413eccdff1c14320 0.0s done
#10 naming to docker.io/library/ckpt-chaos:latest 0.0s done
#10 unpacking to docker.io/library/ckpt-chaos:latest
#10 unpacking to docker.io/library/ckpt-chaos:latest 9.1s done
#10 DONE 42.7s
